###############################################################################
#
# IAR ELF Linker V8.22.1.15669/W32 for ARM                26/Jul/2019  17:16:02
# Copyright 2007-2018 IAR Systems AB.
#
#    Output file  =  
#        C:\Users\¿Ó¬¸Ê√\Desktop\robocon\code\7_25\EWARM\7_25\Exe\7_25.out
#    Map file     =  
#        C:\Users\¿Ó¬¸Ê√\Desktop\robocon\code\7_25\EWARM\7_25\List\7_25.map
#    Command line =  
#        -f C:\Users\¿Ó¬¸Ê√\AppData\Local\Temp\EWC501.tmp
#        (C:\Users\¿Ó¬¸Ê√\Desktop\robocon\code\7_25\EWARM\7_25\Obj\can.o
#        C:\Users\¿Ó¬¸Ê√\Desktop\robocon\code\7_25\EWARM\7_25\Obj\gpio.o
#        C:\Users\¿Ó¬¸Ê√\Desktop\robocon\code\7_25\EWARM\7_25\Obj\main.o
#        C:\Users\¿Ó¬¸Ê√\Desktop\robocon\code\7_25\EWARM\7_25\Obj\startup_stm32f103xb.o
#        C:\Users\¿Ó¬¸Ê√\Desktop\robocon\code\7_25\EWARM\7_25\Obj\stm32f1xx_hal.o
#        C:\Users\¿Ó¬¸Ê√\Desktop\robocon\code\7_25\EWARM\7_25\Obj\stm32f1xx_hal_can.o
#        C:\Users\¿Ó¬¸Ê√\Desktop\robocon\code\7_25\EWARM\7_25\Obj\stm32f1xx_hal_cortex.o
#        C:\Users\¿Ó¬¸Ê√\Desktop\robocon\code\7_25\EWARM\7_25\Obj\stm32f1xx_hal_dma.o
#        C:\Users\¿Ó¬¸Ê√\Desktop\robocon\code\7_25\EWARM\7_25\Obj\stm32f1xx_hal_flash.o
#        C:\Users\¿Ó¬¸Ê√\Desktop\robocon\code\7_25\EWARM\7_25\Obj\stm32f1xx_hal_flash_ex.o
#        C:\Users\¿Ó¬¸Ê√\Desktop\robocon\code\7_25\EWARM\7_25\Obj\stm32f1xx_hal_gpio.o
#        C:\Users\¿Ó¬¸Ê√\Desktop\robocon\code\7_25\EWARM\7_25\Obj\stm32f1xx_hal_gpio_ex.o
#        C:\Users\¿Ó¬¸Ê√\Desktop\robocon\code\7_25\EWARM\7_25\Obj\stm32f1xx_hal_msp.o
#        C:\Users\¿Ó¬¸Ê√\Desktop\robocon\code\7_25\EWARM\7_25\Obj\stm32f1xx_hal_pwr.o
#        C:\Users\¿Ó¬¸Ê√\Desktop\robocon\code\7_25\EWARM\7_25\Obj\stm32f1xx_hal_rcc.o
#        C:\Users\¿Ó¬¸Ê√\Desktop\robocon\code\7_25\EWARM\7_25\Obj\stm32f1xx_hal_rcc_ex.o
#        C:\Users\¿Ó¬¸Ê√\Desktop\robocon\code\7_25\EWARM\7_25\Obj\stm32f1xx_hal_tim.o
#        C:\Users\¿Ó¬¸Ê√\Desktop\robocon\code\7_25\EWARM\7_25\Obj\stm32f1xx_hal_tim_ex.o
#        C:\Users\¿Ó¬¸Ê√\Desktop\robocon\code\7_25\EWARM\7_25\Obj\stm32f1xx_hal_uart.o
#        C:\Users\¿Ó¬¸Ê√\Desktop\robocon\code\7_25\EWARM\7_25\Obj\stm32f1xx_it.o
#        C:\Users\¿Ó¬¸Ê√\Desktop\robocon\code\7_25\EWARM\7_25\Obj\system_stm32f1xx.o
#        C:\Users\¿Ó¬¸Ê√\Desktop\robocon\code\7_25\EWARM\7_25\Obj\tim.o
#        C:\Users\¿Ó¬¸Ê√\Desktop\robocon\code\7_25\EWARM\7_25\Obj\usart.o
#        --redirect _Printf=_PrintfFull --redirect _Scanf=_ScanfFull -o
#        C:\Users\¿Ó¬¸Ê√\Desktop\robocon\code\7_25\EWARM\7_25\Exe\7_25.out
#        --map
#        C:\Users\¿Ó¬¸Ê√\Desktop\robocon\code\7_25\EWARM\7_25\List\7_25.map
#        --config
#        C:\Users\¿Ó¬¸Ê√\Desktop\robocon\code\7_25\EWARM/stm32f103xb_flash.icf
#        --semihosting --entry __iar_program_start --vfe --text_out locale)
#
###############################################################################

*******************************************************************************
*** RUNTIME MODEL ATTRIBUTES
***

CppFlavor       = *
__SystemLibrary = DLib
__dlib_version  = 6


*******************************************************************************
*** HEAP SELECTION
***

The basic heap was selected because no calls to memory allocation
functions were found in the application outside of system library
functions, and there are calls to deallocation functions in the
application.


*******************************************************************************
*** PLACEMENT SUMMARY
***

"A0":  place at 0x08000000 { ro section .intvec };
"P1":  place in [from 0x08000000 to 0x0801ffff] { ro };
define block CSTACK with size = 1K, alignment = 8 { };
define block HEAP with size = 512, alignment = 8 { };
"P2":  place in [from 0x20000000 to 0x20004fff] {
          rw, block CSTACK, block HEAP };
initialize by copy { rw };

  Section            Kind        Address    Size  Object
  -------            ----        -------    ----  ------
"A0":                                       0xec
  .intvec            ro code  0x08000000    0xec  startup_stm32f103xb.o [1]
                            - 0x080000ec    0xec

"P1":                                     0x567f
  .text              ro code  0x080000ec   0xf96  xprintffull.o [3]
  .text              ro code  0x08001082    0x1e  xencoding_8859_1.o [3]
  .text              ro code  0x080010a0    0xb0  xlocale_c.o [3]
  .text              ro code  0x08001150    0x16  strchr.o [5]
  .text              ro code  0x08001166     0xa  xsprout.o [3]
  .text              ro code  0x08001170    0x40  xfail_s.o [3]
  .text              ro code  0x080011b0    0x36  strlen.o [5]
  .text              ro code  0x080011e8    0x58  memchr.o [5]
  .text              ro code  0x08001240     0xa  xmbcurmax.o [3]
  .text              ro code  0x0800124c    0xa6  ABImemcpy.o [5]
  .text              ro code  0x080012f4   0x22e  I64DivMod.o [5]
  .text              ro code  0x08001524   0x1a2  DblMul.o [4]
  .text              ro code  0x080016c8    0x70  frexp.o [4]
  .text              ro code  0x08001738    0x2e  DblCmpLe.o [4]
  .text              ro code  0x08001768    0x2e  DblCmpGe.o [4]
  .text              ro code  0x08001798   0x13a  ldexp.o [4]
  .text              ro code  0x080018d4    0x3a  DblToS32.o [4]
  .text              ro code  0x08001910    0x22  S32ToDbl.o [4]
  .text              ro code  0x08001934    0xe2  DblSub.o [4]
  .text              ro code  0x08001a18   0x246  DblDiv.o [4]
  .text              ro code  0x08001c60    0x28  DblToU32.o [4]
  .text              ro code  0x08001c88    0x1a  U32ToDbl.o [4]
  .text              ro code  0x08001ca2     0x6  abort.o [3]
  .text              ro code  0x08001ca8     0x2  I64DivZer.o [5]
  .text              ro code  0x08001cac   0x178  DblAdd.o [4]
  .text              ro code  0x08001e24    0x14  exit.o [6]
  .text              ro code  0x08001e38   0x63c  stm32f1xx_hal_can.o [1]
  .text              ro code  0x08002474   0x488  can.o [1]
  .text              ro code  0x080028fc     0xc  stm32f1xx_hal.o [1]
  .text              ro code  0x08002908     0x2  stm32f1xx_hal_can.o [1]
  .text              ro code  0x0800290a     0x2  stm32f1xx_hal_can.o [1]
  .text              ro code  0x0800290c     0x2  stm32f1xx_hal_can.o [1]
  .text              ro code  0x0800290e     0x2  stm32f1xx_hal_can.o [1]
  .text              ro code  0x08002910     0x2  stm32f1xx_hal_can.o [1]
  .text              ro code  0x08002912     0x2  stm32f1xx_hal_can.o [1]
  .text              ro code  0x08002914     0x2  stm32f1xx_hal_can.o [1]
  .text              ro code  0x08002916     0x2  stm32f1xx_hal_can.o [1]
  .text              ro code  0x08002918     0x2  stm32f1xx_hal_can.o [1]
  .text              ro code  0x0800291a     0x2  stm32f1xx_hal_can.o [1]
  .text              ro code  0x0800291c     0x2  stm32f1xx_hal_can.o [1]
  .text              ro code  0x08002920    0xdc  main.o [1]
  .text              ro code  0x080029fc   0x1b8  stm32f1xx_hal_gpio.o [1]
  .text              ro code  0x08002bb4    0xe6  stm32f1xx_hal_cortex.o [1]
  .text              ro code  0x08002c9c   0x174  iar_Stoulx.o [3]
  .text              ro code  0x08002e10    0xd8  FltMul.o [4]
  .text              ro code  0x08002ee8    0x48  FltToDbl.o [4]
  .text              ro code  0x08002f30    0x68  DblToFlt.o [4]
  .text              ro code  0x08002f98   0x428  cos_sin64.o [4]
  .text              ro code  0x080033c0    0x2a  FltToS32.o [4]
  .text              ro code  0x080033ec    0x38  vsprintf.o [3]
  .text              ro code  0x08003424   0x4f0  stm32f1xx_hal_uart.o [1]
  .text              ro code  0x08003914    0x24  stm32f1xx_hal.o [1]
  .text              ro code  0x08003938    0x30  gpio.o [1]
  .text              ro code  0x08003968   0x530  usart.o [1]
  .text              ro code  0x08003e98   0x1b4  tim.o [1]
  .text              ro code  0x0800404c   0x350  stm32f1xx_hal_tim.o [1]
  .text              ro code  0x0800439c   0x4fe  stm32f1xx_hal_rcc.o [1]
  .text              ro code  0x0800489a    0x14  isspace.o [3]
  .text              ro code  0x080048ae    0x14  tolower.o [3]
  .text              ro code  0x080048c4    0xb8  stm32f1xx_hal_dma.o [1]
  .text              ro code  0x0800497c     0x2  stm32f1xx_hal_uart.o [1]
  .text              ro code  0x0800497e     0x2  stm32f1xx_hal_uart.o [1]
  .text              ro code  0x08004980    0x40  stm32f1xx_hal.o [1]
  .text              ro code  0x080049c0    0x88  stm32f1xx_hal_msp.o [1]
  .text              ro code  0x08004a48    0x5c  system_stm32f1xx.o [1]
  .text              ro code  0x08004aa8   0x468  strto64.o [4]
  .text              ro code  0x08004f10    0x4a  strcmp.o [5]
  .text              ro code  0x08004f5c    0x4a  stm32f1xx_hal_tim_ex.o [1]
  .text              ro code  0x08004fa6     0x2  stm32f1xx_hal_tim.o [1]
  .text              ro code  0x08004fa8     0x2  stm32f1xx_hal_tim.o [1]
  .text              ro code  0x08004faa     0x2  stm32f1xx_hal_tim_ex.o [1]
  .text              ro code  0x08004fac     0x2  stm32f1xx_hal_tim.o [1]
  .text              ro code  0x08004fae     0x2  stm32f1xx_hal_tim_ex.o [1]
  .text              ro code  0x08004fb0     0x2  stm32f1xx_hal_tim.o [1]
  .text              ro code  0x08004fb2   0x122  iar_Stopfx.o [3]
  .text              ro code  0x080050d4   0x1c8  iar_Stoflt.o [3]
  .text              ro code  0x0800529c   0x21c  iar_Stoxflt.o [3]
  .text              ro code  0x080054b8    0x14  isalpha.o [3]
  .text              ro code  0x080054cc    0x40  zero_init3.o [5]
  .text              ro code  0x0800550c    0x3c  stm32f1xx_it.o [1]
  .text              ro code  0x08005548    0x10  stm32f1xx_hal.o [1]
  .text              ro code  0x08005558    0x38  packbits_init_single.o [5]
  .text              ro code  0x08005590    0x28  data_init.o [5]
  .iar.init_table    const    0x080055b8    0x20  - Linker created -
  .text              ro code  0x080055d8    0x1e  cmain.o [5]
  .text              ro code  0x080055f6     0x4  low_level_init.o [3]
  .text              ro code  0x080055fa     0x4  exit.o [3]
  .text              ro code  0x08005600     0xa  cexit.o [5]
  .text              ro code  0x0800560c    0x10  startup_stm32f103xb.o [1]
  .text              ro code  0x0800561c     0xc  cstartup_M.o [5]
  .rodata            const    0x08005628     0x8  system_stm32f1xx.o [1]
  .rodata            const    0x08005630     0x6  xlocale_c.o [3]
  .text              ro code  0x08005636     0x4  startup_stm32f103xb.o [1]
  .text              ro code  0x0800563a     0x4  startup_stm32f103xb.o [1]
  .text              ro code  0x0800563e     0x4  startup_stm32f103xb.o [1]
  .text              ro code  0x08005642     0x4  startup_stm32f103xb.o [1]
  .text              ro code  0x08005646     0x4  startup_stm32f103xb.o [1]
  .text              ro code  0x0800564a     0x4  startup_stm32f103xb.o [1]
  .text              ro code  0x0800564e     0x4  startup_stm32f103xb.o [1]
  .text              ro code  0x08005652     0x4  startup_stm32f103xb.o [1]
  .text              ro code  0x08005656     0x4  startup_stm32f103xb.o [1]
  .text              ro code  0x0800565a     0x4  startup_stm32f103xb.o [1]
  .text              ro code  0x0800565e     0x4  startup_stm32f103xb.o [1]
  .text              ro code  0x08005662     0x4  startup_stm32f103xb.o [1]
  .text              ro code  0x08005666     0x4  startup_stm32f103xb.o [1]
  .text              ro code  0x0800566a     0x4  startup_stm32f103xb.o [1]
  .text              ro code  0x0800566e     0x4  startup_stm32f103xb.o [1]
  .text              ro code  0x08005672     0x4  startup_stm32f103xb.o [1]
  .text              ro code  0x08005676     0x4  startup_stm32f103xb.o [1]
  .text              ro code  0x0800567a     0x4  startup_stm32f103xb.o [1]
  .text              ro code  0x0800567e     0x4  startup_stm32f103xb.o [1]
  .text              ro code  0x08005682     0x4  startup_stm32f103xb.o [1]
  .text              ro code  0x08005686     0x4  startup_stm32f103xb.o [1]
  .text              ro code  0x0800568a     0x4  startup_stm32f103xb.o [1]
  .text              ro code  0x0800568e     0x4  startup_stm32f103xb.o [1]
  .text              ro code  0x08005692     0x4  startup_stm32f103xb.o [1]
  .text              ro code  0x08005696     0x4  startup_stm32f103xb.o [1]
  .text              ro code  0x0800569a     0x4  startup_stm32f103xb.o [1]
  .text              ro code  0x0800569e     0x4  startup_stm32f103xb.o [1]
  .text              ro code  0x080056a2     0x4  startup_stm32f103xb.o [1]
  .text              ro code  0x080056a6     0x4  startup_stm32f103xb.o [1]
  .text              ro code  0x080056aa     0x4  startup_stm32f103xb.o [1]
  .text              ro code  0x080056ae     0x4  startup_stm32f103xb.o [1]
  .text              ro code  0x080056b2     0x4  startup_stm32f103xb.o [1]
  .text              ro code  0x080056b6     0x4  startup_stm32f103xb.o [1]
  .text              ro code  0x080056ba     0x4  startup_stm32f103xb.o [1]
  .text              ro code  0x080056be     0x4  startup_stm32f103xb.o [1]
  .text              ro code  0x080056c2     0x4  startup_stm32f103xb.o [1]
  .text              ro code  0x080056c6     0x4  startup_stm32f103xb.o [1]
  .text              ro code  0x080056ca     0x4  startup_stm32f103xb.o [1]
  .text              ro code  0x080056ce     0x4  startup_stm32f103xb.o [1]
  .text              ro code  0x080056d2     0x4  startup_stm32f103xb.o [1]
  .rodata            const    0x080056d6     0x0  zero_init3.o [5]
  .rodata            const    0x080056d6     0x0  packbits_init_single.o [5]
  Initializer bytes  const    0x080056d6    0x95  <for P2-1>
                            - 0x0800576b  0x567f

"P2", part 1 of 3:                         0x110
  P2-1                        0x20000000   0x110  <Init block>
    .data            inited   0x20000000     0x4  can.o [1]
    .data            inited   0x20000004     0x4  can.o [1]
    .data            inited   0x20000008     0x4  can.o [1]
    .data            inited   0x2000000c     0xc  can.o [1]
    .data            inited   0x20000018     0xc  stm32f1xx_hal.o [1]
    .data            inited   0x20000024     0x4  system_stm32f1xx.o [1]
    .data            inited   0x20000028    0x68  usart.o [1]
    .data            inited   0x20000090    0x38  xlocale_c.o [3]
    .data            inited   0x200000c8    0x48  xlocale_c.o [3]
                            - 0x20000110   0x110

"P2", part 2 of 3:                         0x2dc
  .bss               zero     0x20000110   0x1f4  usart.o [1]
  .bss               zero     0x20000304    0x40  tim.o [1]
  .bss               zero     0x20000344    0x40  usart.o [1]
  .bss               zero     0x20000384    0x2c  can.o [1]
  .bss               zero     0x200003b0    0x24  can.o [1]
  .bss               zero     0x200003d4     0xc  tim.o [1]
  .bss               zero     0x200003e0     0x4  can.o [1]
  .bss               zero     0x200003e4     0x4  xfail_s.o [3]
  .bss               zero     0x200003e8     0x1  main.o [1]
                            - 0x200003e9   0x2d9

"P2", part 3 of 3:                         0x400
  CSTACK                      0x200003f0   0x400  <Block>
    CSTACK           uninit   0x200003f0   0x400  <Block tail>
                            - 0x200007f0   0x400


*******************************************************************************
*** INIT TABLE
***

          Address     Size
          -------     ----
Zero (__iar_zero_init3)
    1 destination range, total size 0x2d9:
          0x20000110  0x2d9

Copy/packbits (__iar_packbits_init_single3)
    1 source range, total size 0x95 (54% of destination):
          0x080056d6   0x95
    1 destination range, total size 0x110:
          0x20000000  0x110



*******************************************************************************
*** MODULE SUMMARY
***

    Module                  ro code  ro data  rw data
    ------                  -------  -------  -------
C:\Users\¿Ó¬¸Ê√\Desktop\robocon\code\7_25\EWARM\7_25\Obj: [1]
    can.o                     1 160       13      108
    gpio.o                       48
    main.o                      220                 1
    startup_stm32f103xb.o       412
    stm32f1xx_hal.o             128        6       12
    stm32f1xx_hal_can.o       1 618
    stm32f1xx_hal_cortex.o      230
    stm32f1xx_hal_dma.o         184
    stm32f1xx_hal_gpio.o        440
    stm32f1xx_hal_msp.o         136
    stm32f1xx_hal_rcc.o       1 278
    stm32f1xx_hal_tim.o         856
    stm32f1xx_hal_tim_ex.o       78
    stm32f1xx_hal_uart.o      1 268
    stm32f1xx_it.o               60
    system_stm32f1xx.o           92       10        4
    tim.o                       436                76
    usart.o                   1 328       57      668
    -------------------------------------------------
    Total:                    9 972       86      869

command line: [2]
    -------------------------------------------------
    Total:

dl7M_tlf.a: [3]
    abort.o                       6
    exit.o                        4
    iar_Stoflt.o                456
    iar_Stopfx.o                290
    iar_Stoulx.o                372
    iar_Stoxflt.o               540
    isalpha.o                    20
    isspace.o                    20
    low_level_init.o              4
    tolower.o                    20
    vsprintf.o                   56
    xencoding_8859_1.o           30
    xfail_s.o                    64                 4
    xlocale_c.o                 176       77      128
    xmbcurmax.o                  10
    xprintffull.o             3 990
    xsprout.o                    10
    -------------------------------------------------
    Total:                    6 068       77      132

m7M_tl.a: [4]
    DblAdd.o                    376
    DblCmpGe.o                   46
    DblCmpLe.o                   46
    DblDiv.o                    582
    DblMul.o                    418
    DblSub.o                    226
    DblToFlt.o                  104
    DblToS32.o                   58
    DblToU32.o                   40
    FltMul.o                    216
    FltToDbl.o                   72
    FltToS32.o                   42
    S32ToDbl.o                   34
    U32ToDbl.o                   26
    cos_sin64.o               1 064
    frexp.o                     112
    ldexp.o                     314
    strto64.o                 1 128
    -------------------------------------------------
    Total:                    4 904

rt7M_tl.a: [5]
    ABImemcpy.o                 166
    I64DivMod.o                 558
    I64DivZer.o                   2
    cexit.o                      10
    cmain.o                      30
    cstartup_M.o                 12
    data_init.o                  40
    memchr.o                     88
    packbits_init_single.o       56
    strchr.o                     22
    strcmp.o                     74
    strlen.o                     54
    zero_init3.o                 64
    -------------------------------------------------
    Total:                    1 176

shb_l.a: [6]
    exit.o                       20
    -------------------------------------------------
    Total:                       20

    Gaps                         44
    Linker created                        32    1 024
-----------------------------------------------------
    Grand Total:             22 184      195    2 025


*******************************************************************************
*** ENTRY LIST
***

Entry                      Address   Size  Type      Object
-----                      -------   ----  ----      ------
.iar.init_table$$Base   0x080055b8          --   Gb  - Linker created -
.iar.init_table$$Limit  0x080055d8          --   Gb  - Linker created -
?main                   0x080055d9         Code  Gb  cmain.o [5]
AHBPrescTable           0x08004a94   0x10  Data  Gb  system_stm32f1xx.o [1]
APBPrescTable           0x08005628    0x8  Data  Gb  system_stm32f1xx.o [1]
BusFault_Handler        0x08005513    0x2  Code  Gb  stm32f1xx_it.o [1]
CAN_Config              0x08002529   0xd2  Code  Gb  can.o [1]
CSTACK$$Base            0x200003f0          --   Gb  - Linker created -
CSTACK$$Limit           0x200007f0          --   Gb  - Linker created -
CacheMore               0x080010e1   0x24  Code  Lc  xlocale_c.o [3]
Data                    0x200003b0    0x8  Data  Gb  can.o [1]
DebugMon_Handler        0x08005519    0x2  Code  Gb  stm32f1xx_it.o [1]
Dtentox                 0x08004bb5  0x18c  Code  Lc  strto64.o [4]
HAL_CAN_ActivateNotification
                        0x08002261   0x16  Code  Gb  stm32f1xx_hal_can.o [1]
HAL_CAN_AddTxMessage    0x08002087   0xb6  Code  Gb  stm32f1xx_hal_can.o [1]
HAL_CAN_ConfigFilter    0x08001f47   0xc0  Code  Gb  stm32f1xx_hal_can.o [1]
HAL_CAN_GetRxMessage    0x08002163   0xea  Code  Gb  stm32f1xx_hal_can.o [1]
HAL_CAN_IRQHandler      0x0800227d  0x1f8  Code  Gb  stm32f1xx_hal_can.o [1]
HAL_CAN_Init            0x08001e39  0x10e  Code  Gb  stm32f1xx_hal_can.o [1]
HAL_CAN_MspInit         0x080024bf   0x68  Code  Gb  can.o [1]
HAL_CAN_RxFifo0FullCallback
                        0x08002665    0x6  Code  Gb  can.o [1]
HAL_CAN_RxFifo0MsgPendingCallback
                        0x08002649   0x1a  Code  Gb  can.o [1]
HAL_CAN_Start           0x08002015   0x4c  Code  Gb  stm32f1xx_hal_can.o [1]
HAL_DMA_Abort_IT        0x080048c5   0x9a  Code  Gb  stm32f1xx_hal_dma.o [1]
HAL_GPIO_Init           0x080029fd  0x182  Code  Gb  stm32f1xx_hal_gpio.o [1]
HAL_GetTick             0x080028fd    0xc  Code  Wk  stm32f1xx_hal.o [1]
HAL_IncTick             0x08005549   0x10  Code  Wk  stm32f1xx_hal.o [1]
HAL_Init                0x08003915   0x20  Code  Gb  stm32f1xx_hal.o [1]
HAL_InitTick            0x08004981   0x40  Code  Wk  stm32f1xx_hal.o [1]
HAL_MspInit             0x080049c1   0x88  Code  Gb  stm32f1xx_hal_msp.o [1]
HAL_NVIC_EnableIRQ      0x08002c27    0xa  Code  Gb  stm32f1xx_hal_cortex.o [1]
HAL_NVIC_SetPriority    0x08002bed   0x3a  Code  Gb  stm32f1xx_hal_cortex.o [1]
HAL_NVIC_SetPriorityGrouping
                        0x08002bd3   0x1a  Code  Gb  stm32f1xx_hal_cortex.o [1]
HAL_RCC_ClockConfig     0x080046b9  0x126  Code  Gb  stm32f1xx_hal_rcc.o [1]
HAL_RCC_GetHCLKFreq     0x08004831    0x6  Code  Gb  stm32f1xx_hal_rcc.o [1]
HAL_RCC_GetPCLK1Freq    0x08004837   0x10  Code  Gb  stm32f1xx_hal_rcc.o [1]
HAL_RCC_GetPCLK2Freq    0x08004847    0xe  Code  Gb  stm32f1xx_hal_rcc.o [1]
HAL_RCC_GetSysClockFreq
                        0x080047f5   0x3c  Code  Gb  stm32f1xx_hal_rcc.o [1]
HAL_RCC_GetSysClockFreq::aPLLMULFactorTable
                        0x08004888   0x10  Data  Lc  stm32f1xx_hal_rcc.o [1]
HAL_RCC_GetSysClockFreq::aPredivFactorTable
                        0x08004898    0x2  Data  Lc  stm32f1xx_hal_rcc.o [1]
HAL_RCC_OscConfig       0x0800439d  0x314  Code  Gb  stm32f1xx_hal_rcc.o [1]
HAL_SYSTICK_CLKSourceConfig
                        0x08002c63   0x1a  Code  Gb  stm32f1xx_hal_cortex.o [1]
HAL_SYSTICK_Config      0x08002c3b   0x28  Code  Gb  stm32f1xx_hal_cortex.o [1]
HAL_SYSTICK_IRQHandler  0x08002c95    0x4  Code  Gb  stm32f1xx_hal_cortex.o [1]
HAL_TIMEx_BreakCallback
                        0x08004fab    0x2  Code  Wk  stm32f1xx_hal_tim_ex.o [1]
HAL_TIMEx_CommutationCallback
                        0x08004faf    0x2  Code  Wk  stm32f1xx_hal_tim_ex.o [1]
HAL_TIMEx_MasterConfigSynchronization
                        0x08004f5d   0x4a  Code  Gb  stm32f1xx_hal_tim_ex.o [1]
HAL_TIM_Base_Init       0x0800404d   0x1a  Code  Gb  stm32f1xx_hal_tim.o [1]
HAL_TIM_Base_MspInit    0x08003eff   0x34  Code  Gb  tim.o [1]
HAL_TIM_Base_Start_IT   0x08004067   0x16  Code  Gb  stm32f1xx_hal_tim.o [1]
HAL_TIM_ConfigClockSource
                        0x080041e9   0xac  Code  Gb  stm32f1xx_hal_tim.o [1]
HAL_TIM_IRQHandler      0x080040a1  0x142  Code  Gb  stm32f1xx_hal_tim.o [1]
HAL_TIM_PeriodElapsedCallback
                        0x08003f55   0x9a  Code  Gb  tim.o [1]
HAL_UART_IRQHandler     0x080035b5  0x152  Code  Gb  stm32f1xx_hal_uart.o [1]
HAL_UART_Init           0x08003425   0x1e  Code  Gb  stm32f1xx_hal_uart.o [1]
HAL_UART_MspInit        0x080039a3   0x62  Code  Gb  usart.o [1]
HAL_UART_Receive_IT     0x0800354f   0x54  Code  Gb  stm32f1xx_hal_uart.o [1]
HAL_UART_RxCpltCallback
                        0x08003c25   0x22  Code  Gb  usart.o [1]
HAL_UART_Transmit       0x0800349d   0xaa  Code  Gb  stm32f1xx_hal_uart.o [1]
HardFault_Handler       0x0800550f    0x2  Code  Gb  stm32f1xx_it.o [1]
LoadInt                 0x080002db   0x7a  Code  Lc  xprintffull.o [3]
MX_CAN_Init             0x08002475   0x4a  Code  Gb  can.o [1]
MX_GPIO_Init            0x08003939   0x30  Code  Gb  gpio.o [1]
MX_TIM2_Init            0x08003e99   0x66  Code  Gb  tim.o [1]
MX_USART1_UART_Init     0x08003969   0x3a  Code  Gb  usart.o [1]
MemManage_Handler       0x08005511    0x2  Code  Gb  stm32f1xx_it.o [1]
NMI_Handler             0x0800550d    0x2  Code  Gb  stm32f1xx_it.o [1]
NVIC_SetPriority        0x08002bb5   0x1e  Code  Lc  stm32f1xx_hal_cortex.o [1]
PendSV_Handler          0x0800551b    0x2  Code  Gb  stm32f1xx_it.o [1]
Region$$Table$$Base     0x080055b8          --   Gb  - Linker created -
Region$$Table$$Limit    0x080055d8          --   Gb  - Linker created -
SVC_Handler             0x08005517    0x2  Code  Gb  stm32f1xx_it.o [1]
SysTick_Handler         0x0800551d    0xe  Code  Gb  stm32f1xx_it.o [1]
SystemClock_Config      0x08002989   0x72  Code  Gb  main.o [1]
SystemCoreClock         0x20000024    0x4  Data  Gb  system_stm32f1xx.o [1]
SystemInit              0x08004a49   0x3a  Code  Gb  system_stm32f1xx.o [1]
TIM2_IRQHandler         0x08005531    0x6  Code  Gb  stm32f1xx_it.o [1]
TIM_Base_SetConfig      0x080042bf   0x5e  Code  Gb  stm32f1xx_hal_tim.o [1]
TIM_ETR_SetConfig       0x08004383   0x14  Code  Lc  stm32f1xx_hal_tim.o [1]
TIM_ITRx_SetConfig      0x08004373   0x10  Code  Lc  stm32f1xx_hal_tim.o [1]
TIM_TI1_ConfigInputStage
                        0x08004331   0x1e  Code  Lc  stm32f1xx_hal_tim.o [1]
TIM_TI2_ConfigInputStage
                        0x0800434f   0x24  Code  Lc  stm32f1xx_hal_tim.o [1]
ThreeWheelVellControl2  0x080026ad   0xda  Code  Gb  can.o [1]
UART_DMAAbortOnError    0x08003789    0xc  Code  Lc  stm32f1xx_hal_uart.o [1]
UART_EndRxTransfer      0x0800376b   0x1c  Code  Lc  stm32f1xx_hal_uart.o [1]
UART_Receive_IT         0x08003795   0x96  Code  Lc  stm32f1xx_hal_uart.o [1]
UART_SetConfig          0x0800382b   0xde  Code  Lc  stm32f1xx_hal_uart.o [1]
UART_WaitOnFlagUntilTimeout
                        0x08003707   0x56  Code  Lc  stm32f1xx_hal_uart.o [1]
USART1_IRQHandler       0x08005537    0x6  Code  Gb  stm32f1xx_it.o [1]
USB_LP_CAN1_RX0_IRQHandler
                        0x0800552b    0x6  Code  Gb  stm32f1xx_it.o [1]
Uprint                  0x08002921   0x2a  Code  Gb  main.o [1]
UsageFault_Handler      0x08005515    0x2  Code  Gb  stm32f1xx_it.o [1]
Vx                      0x20000004    0x4  Data  Gb  can.o [1]
Vy                      0x20000000    0x4  Data  Gb  can.o [1]
_Encoding_8859_1_Mbrlen
                        0x08001095    0x2  Code  Gb  xencoding_8859_1.o [3]
_Encoding_8859_1_Wctomb
                        0x08001083   0x12  Code  Gb  xencoding_8859_1.o [3]
_Error_Handler          0x080029fb    0x2  Code  Gb  main.o [1]
_GenldFull              0x08000d5d  0x274  Code  Lc  xprintffull.o [3]
_LdtobFull              0x08000931  0x3fe  Code  Lc  xprintffull.o [3]
_LitobFull              0x080007d9  0x112  Code  Lc  xprintffull.o [3]
_LocaleC_isalpha        0x080010a7    0xc  Code  Gb  xlocale_c.o [3]
_LocaleC_islower        0x080010a1    0x4  Code  Gb  xlocale_c.o [3]
_LocaleC_isspace        0x080010bd   0x14  Code  Gb  xlocale_c.o [3]
_LocaleC_isupper        0x080010a5    0x2  Code  Gb  xlocale_c.o [3]
_LocaleC_tolower        0x080010d1    0xc  Code  Gb  xlocale_c.o [3]
_Locale_lconv           0x20000090   0x38  Data  Lc  xlocale_c.o [3]
_PrintfFull             0x080000ed  0x1d6  Code  Gb  xprintffull.o [3]
_PutcharsFull           0x08000fd1   0x2e  Code  Lc  xprintffull.o [3]
_PutfldFull             0x08000355  0x2d0  Code  Lc  xprintffull.o [3]
_PutstrFull             0x0800071b   0xbe  Code  Lc  xprintffull.o [3]
_PuttxtFull             0x08000625   0xf6  Code  Lc  xprintffull.o [3]
_SProut                 0x08001167    0xa  Code  Gb  xsprout.o [3]
__aeabi_cdcmple         0x08001739         Code  Gb  DblCmpLe.o [4]
__aeabi_cdrcmple        0x08001769         Code  Gb  DblCmpGe.o [4]
__aeabi_d2f             0x08002f31         Code  Gb  DblToFlt.o [4]
__aeabi_d2iz            0x080018d5         Code  Gb  DblToS32.o [4]
__aeabi_d2uiz           0x08001c61         Code  Gb  DblToU32.o [4]
__aeabi_dadd            0x08001cad         Code  Gb  DblAdd.o [4]
__aeabi_ddiv            0x08001a19         Code  Gb  DblDiv.o [4]
__aeabi_dmul            0x08001525         Code  Gb  DblMul.o [4]
__aeabi_dsub            0x08001935         Code  Gb  DblSub.o [4]
__aeabi_f2d             0x08002ee9         Code  Gb  FltToDbl.o [4]
__aeabi_f2iz            0x080033c1         Code  Gb  FltToS32.o [4]
__aeabi_fmul            0x08002e11         Code  Gb  FltMul.o [4]
__aeabi_i2d             0x08001911         Code  Gb  S32ToDbl.o [4]
__aeabi_ldiv0           0x08001ca9         Code  Gb  I64DivZer.o [5]
__aeabi_memcpy          0x0800124d         Code  Gb  ABImemcpy.o [5]
__aeabi_memcpy4         0x0800126d         Code  Gb  ABImemcpy.o [5]
__aeabi_memcpy8         0x0800126d         Code  Gb  ABImemcpy.o [5]
__aeabi_ui2d            0x08001c89         Code  Gb  U32ToDbl.o [4]
__aeabi_uldivmod        0x080012f5         Code  Gb  I64DivMod.o [5]
__cmain                 0x080055d9         Code  Gb  cmain.o [5]
__exit                  0x08001e25   0x14  Code  Gb  exit.o [6]
__iar_Fail_s            0x08001171   0x1c  Code  Gb  xfail_s.o [3]
__iar_Mbcurmax          0x08001241    0xa  Code  Gb  xmbcurmax.o [3]
__iar_Memchr            0x080011e9         Code  Gb  memchr.o [5]
__iar_Sin64             0x08002f99  0x394  Code  Lc  cos_sin64.o [4]
__iar_Sto64             0x08004d41  0x154  Code  Gb  strto64.o [4]
__iar_Stoflt            0x080050d5  0x1c8  Code  Gb  iar_Stoflt.o [3]
__iar_Stopfx            0x08004fb3  0x122  Code  Gb  iar_Stopfx.o [3]
__iar_Stoulx            0x08002c9d  0x112  Code  Gb  iar_Stoulx.o [3]
__iar_Stoxflt           0x0800529d  0x1e6  Code  Gb  iar_Stoxflt.o [3]
__iar_Stoxflt::digits   0x08005488   0x18  Data  Lc  iar_Stoxflt.o [3]
__iar_Stoxflt::vals     0x080054a0   0x18  Data  Lc  iar_Stoxflt.o [3]
__iar_Strchr            0x08001151         Code  Gb  strchr.o [5]
__iar_cos64             0x080033b9    0x4  Code  Gb  cos_sin64.o [4]
__iar_cos_medium        0x080033b9    0x4  Code  Gb  cos_sin64.o [4]
__iar_cos_medium64      0x080033b9    0x4  Code  Gb  cos_sin64.o [4]
__iar_cos_mediuml       0x080033b9    0x4  Code  Gb  cos_sin64.o [4]
__iar_dadd              0x08001945         Code  Gb  DblSub.o [4]
__iar_data_init3        0x08005591   0x28  Code  Gb  data_init.o [5]
__iar_dsub              0x08001cbd         Code  Gb  DblAdd.o [4]
__iar_dsubStart         0x08001ccf         Code  Gb  DblAdd.o [4]
__iar_frexp             0x080016d5         Code  Gb  frexp.o [4]
__iar_frexp64           0x080016c9         Code  Gb  frexp.o [4]
__iar_frexpl            0x080016d5         Code  Gb  frexp.o [4]
__iar_globLocale        0x200000c8   0x48  Data  Lc  xlocale_c.o [3]
__iar_global_Locale     0x080010dd    0x4  Code  Gb  xlocale_c.o [3]
__iar_ldexp64           0x08001799         Code  Gb  ldexp.o [4]
__iar_packbits_init_single3
                        0x08005559   0x38  Code  Gb  packbits_init_single.o [5]
__iar_program_start     0x0800561d         Code  Gb  cstartup_M.o [5]
__iar_scalbln64         0x08001799         Code  Gb  ldexp.o [4]
__iar_scalbn64          0x08001799         Code  Gb  ldexp.o [4]
__iar_sin64             0x080033bd    0x4  Code  Gb  cos_sin64.o [4]
__iar_sin_medium        0x080033bd    0x4  Code  Gb  cos_sin64.o [4]
__iar_sin_medium64      0x080033bd    0x4  Code  Gb  cos_sin64.o [4]
__iar_sin_mediuml       0x080033bd    0x4  Code  Gb  cos_sin64.o [4]
__iar_systems$$module {Abs}
                        0x00000001         Data  Gb  command line/config [2]
__iar_zero_init3        0x080054cd   0x40  Code  Gb  zero_init3.o [5]
__low_level_init        0x080055f7    0x4  Code  Gb  low_level_init.o [3]
__vector_table          0x08000000         Data  Gb  startup_stm32f103xb.o [1]
_call_main              0x080055e5         Code  Gb  cmain.o [5]
_exit                   0x08005601         Code  Gb  cexit.o [5]
_gLocale_mblen          0x0800113d    0x4  Code  Gb  xlocale_c.o [3]
_gLocale_mblenInt       0x08001105   0x34  Code  Gb  xlocale_c.o [3]
_gLocale_wctomb         0x08001141    0x4  Code  Gb  xlocale_c.o [3]
_gLocale_wctombInt      0x08001139    0x4  Code  Gb  xlocale_c.o [3]
_main                   0x080055f3         Code  Gb  cmain.o [5]
abort                   0x08001ca3    0x6  Code  Gb  abort.o [3]
angularVell             0x20000008    0x4  Data  Gb  can.o [1]
atof                    0x08004ec1    0x8  Code  Gb  strto64.o [4]
atoi                    0x08002db5    0x2  Code  Gb  iar_Stoulx.o [3]
backward                0x0800280f    0xe  Code  Gb  can.o [1]
buffer_rx_temp          0x200003e8    0x1  Data  Gb  main.o [1]
can_msg_parse           0x080025fb   0x4e  Code  Gb  can.o [1]
can_send                0x0800266b   0x42  Code  Gb  can.o [1]
char_to_number          0x08003a05   0x34  Code  Gb  usart.o [1]
cmd                     0x20000028   0x34  Data  Gb  usart.o [1]
cmd_phase               0x08003b99   0x8c  Code  Gb  usart.o [1]
cmd_phase::crow         0x2000008c    0x4  Data  Lc  usart.o [1]
cmd_phase::i            0x20000084    0x4  Data  Lc  usart.o [1]
cmd_phase::line         0x20000088    0x4  Data  Lc  usart.o [1]
cos                     0x080033b9    0x4  Code  Gb  cos_sin64.o [4]
cosl                    0x080033b9    0x4  Code  Gb  cos_sin64.o [4]
ddiv                    0x08004b23   0x7a  Code  Lc  strto64.o [4]
detail                  0x20000110  0x1f4  Data  Gb  usart.o [1]
digits                  0x08002dc0   0x28  Data  Lc  iar_Stoulx.o [3]
direction               0x200003d4    0x4  Data  Gb  tim.o [1]
dmul                    0x08004aa9   0x7a  Code  Lc  strto64.o [4]
do_cmd                  0x08003a3d  0x154  Code  Gb  usart.o [1]
exit                    0x080055fb    0x4  Code  Gb  exit.o [3]
figure                  0x2000005c   0x28  Data  Gb  usart.o [1]
forward                 0x08002805    0xa  Code  Gb  can.o [1]
frexp                   0x080016c9         Code  Gb  frexp.o [4]
frexpl                  0x080016c9         Code  Gb  frexp.o [4]
hcan                    0x20000384   0x28  Data  Gb  can.o [1]
htim2                   0x20000304   0x40  Data  Gb  tim.o [1]
huart1                  0x20000344   0x40  Data  Gb  usart.o [1]
idnumber                0x200003e0    0x4  Data  Gb  can.o [1]
isalpha                 0x080054b9   0x14  Code  Gb  isalpha.o [3]
isspace                 0x0800489b   0x14  Code  Gb  isspace.o [3]
ldexp                   0x08001799         Code  Gb  ldexp.o [4]
ldexpl                  0x08001799         Code  Gb  ldexp.o [4]
left_spin               0x0800283b    0x8  Code  Gb  can.o [1]
left_translation        0x0800281d    0xc  Code  Gb  can.o [1]
localeconv              0x08001145    0x4  Code  Gb  xlocale_c.o [3]
main                    0x0800294b   0x30  Code  Gb  main.o [1]
memchr                  0x080011e9         Code  Gb  memchr.o [5]
mode0_fun               0x08003f33   0x1e  Code  Gb  tim.o [1]
move_mode               0x200003d8    0x4  Data  Gb  tim.o [1]
ndigs                   0x08002de8   0x28  Data  Lc  iar_Stoulx.o [3]
pHeader                 0x200003b8   0x1c  Data  Gb  can.o [1]
pTxMailbox              0x200003ac    0x4  Data  Gb  can.o [1]
pows                    0x08004ec8   0x48  Data  Lc  strto64.o [4]
right_spin              0x08002843    0xa  Code  Gb  can.o [1]
right_translation       0x08002829    0x8  Code  Gb  can.o [1]
scalbln                 0x08001799         Code  Gb  ldexp.o [4]
scalblnl                0x08001799         Code  Gb  ldexp.o [4]
scalbn                  0x08001799         Code  Gb  ldexp.o [4]
scalbnl                 0x08001799         Code  Gb  ldexp.o [4]
scale                   0x080008eb   0x46  Code  Lc  xprintffull.o [3]
sec_hand                0x200003e4    0x4  Data  Lc  xfail_s.o [3]
send_wheel_msg          0x080027bf   0x3e  Code  Gb  can.o [1]
sin                     0x080033bd    0x4  Code  Gb  cos_sin64.o [4]
sinl                    0x080033bd    0x4  Code  Gb  cos_sin64.o [4]
stop                    0x08002891    0x6  Code  Gb  can.o [1]
strchr                  0x08001151         Code  Gb  strchr.o [5]
strcmp                  0x08004f11         Code  Gb  strcmp.o [5]
strlen                  0x080011b1         Code  Gb  strlen.o [5]
timer                   0x200003dc    0x4  Data  Lc  tim.o [1]
tolower                 0x080048af   0x14  Code  Gb  tolower.o [3]
uwTick                  0x2000001c    0x4  Data  Gb  stm32f1xx_hal.o [1]
uwTickFreq              0x20000018    0x1  Data  Gb  stm32f1xx_hal.o [1]
uwTickPrio              0x20000020    0x4  Data  Gb  stm32f1xx_hal.o [1]
v1_id                   0x2000000c    0x4  Data  Gb  can.o [1]
v2_id                   0x20000010    0x4  Data  Gb  can.o [1]
v3_id                   0x20000014    0x4  Data  Gb  can.o [1]
vsprintf                0x080033ed   0x38  Code  Gb  vsprintf.o [3]


[1] = C:\Users\¿Ó¬¸Ê√\Desktop\robocon\code\7_25\EWARM\7_25\Obj
[2] = command line
[3] = dl7M_tlf.a
[4] = m7M_tl.a
[5] = rt7M_tl.a
[6] = shb_l.a

  22 184 bytes of readonly  code memory
     195 bytes of readonly  data memory
   2 025 bytes of readwrite data memory

Errors: none
Warnings: none
